// Vitest Snapshot v1, https://vitest.dev/guide/snapshot.html

exports[`App > renders the App 1`] = `
<div class="h-full w-full" id="wrapper">
  <header class="pdap-header">
    <a class="logo">
      <img alt="Police Data Accessibility Project Logo" src="/node_modules/pdap-design-system/dist/images/lockup.svg" width="250">
    </a>
    <div aria-controls="nav" class="pdap-nav-open-button" role="button">
      <svg viewBox="0 0 448 512" xmlns="http://www.w3.org/2000/svg">
        <path d="M0 96C0 78.3 14.3 64 32 64H416c17.7 0 32 14.3 32 32s-14.3 32-32 32H32C14.3 128 0 113.7 0 96zM0 256c0-17.7 14.3-32 32-32H416c17.7 0 32 14.3 32 32s-14.3 32-32 32H32c-17.7 0-32-14.3-32-32zM448 416c0 17.7-14.3 32-32 32H32c-17.7 0-32-14.3-32-32s14.3-32 32-32H416c17.7 0 32 14.3 32 32z" />
      </svg>
    </div>
    <nav aria-expanded="false" class="pdap-nav" id="nav" style="top: 0px;">
      <li class="pdap-nav-link-container">
        <!---->
        <a active-class="pdap-nav-link-current" class="pdap-nav-link" exact-active-class="pdap-nav-link-current-exact">Search</a>
      </li>
      <li class="pdap-nav-link-container">
        <a class="pdap-nav-link" href="https://pdap.io/data" referrerpolicy="no-referrer" target="_blank">Data</a>
        <!---->
      </li>
      <li class="pdap-nav-link-container">
        <a class="pdap-nav-link" href="https://pdap.io/community" referrerpolicy="no-referrer" target="_blank">Community</a>
        <!---->
      </li>
      <li class="pdap-nav-link-container">
        <a class="pdap-nav-link" href="https://pdap.io/about" referrerpolicy="no-referrer" target="_blank">About</a>
        <!---->
      </li>
      <li class="pdap-nav-link-container">
        <a class="pdap-nav-link" href="https://pdap.io/donate" referrerpolicy="no-referrer" target="_blank">Donate</a>
        <!---->
      </li>
      <li class="pdap-nav-link-container">
        <a class="pdap-nav-link" href="https://docs.pdap.io/" referrerpolicy="no-referrer" target="_blank">Docs</a>
        <!---->
      </li>
    </nav>
  </header>
  <!---->
  <footer class="pdap-footer">
    <div class="pdap-flex-container pdap-flex-container-center">
      <ul class="pdap-footer-social-links">
        <li class="pdap-footer-link-container">
          <!---->
          <a active-class="pdap-footer-social-link-current" class="pdap-footer-social-link" exact-active-class="pdap-footer-social-link-current-exact">Search</a>
        </li>
        <li class="pdap-footer-link-container">
          <a class="pdap-footer-social-link" href="https://pdap.io/data" referrerpolicy="no-referrer" target="_blank">Data</a>
          <!---->
        </li>
        <li class="pdap-footer-link-container">
          <a class="pdap-footer-social-link" href="https://pdap.io/community" referrerpolicy="no-referrer" target="_blank">Community</a>
          <!---->
        </li>
        <li class="pdap-footer-link-container">
          <a class="pdap-footer-social-link" href="https://pdap.io/about" referrerpolicy="no-referrer" target="_blank">About</a>
          <!---->
        </li>
        <li class="pdap-footer-link-container">
          <a class="pdap-footer-social-link" href="https://pdap.io/donate" referrerpolicy="no-referrer" target="_blank">Donate</a>
          <!---->
        </li>
        <li class="pdap-footer-link-container">
          <a class="pdap-footer-social-link" href="https://docs.pdap.io/" referrerpolicy="no-referrer" target="_blank">Docs</a>
          <!---->
        </li>
      </ul>
      <p class="pdap-footer-copyright"> Â© 2024 Police Data Accessibility Project
        <br>
      </p>
      <p class="pdap-footer-copyright"> PDAP is a non-profit. EIN: 85-4207132. <a alt="Privacy Policy" href="https://docs.pdap.io/meta/policy/pdap-privacy-policy" target="_blank">
          <br> Privacy Policy <i class="fa fa-external-link"></i>
        </a>
        <br>
        <a href="mailto:contact@pdap.io">contact@pdap.io</a>
      </p>
      <div class="pdap-footer-widget-links">
        <a href="https://www.guidestar.org/profile/85-4207132" target="_blank">
          <img src="https://widgets.guidestar.org/gximage2?o=9973356&l=v4">
        </a>
        <a class="pdap-footer-logo">
          <img alt="Police Data Accessibility Project Logo" src="/node_modules/pdap-design-system/dist/images/acronym.svg" width="250">
        </a>
      </div>
    </div>
  </footer>
</div>
`;
